src/app/admin-040806/dashboard/page.tsx(6,79): error TS2307: Cannot find module '@/components/ui/table' or its corresponding type declarations.
src/app/admin-040806/dashboard/page.tsx(14,35): error TS2307: Cannot find module '@/components/admin/modals/user-activity-modal' or its corresponding type declarations.
src/app/admin-040806/dashboard/page.tsx(15,34): error TS2307: Cannot find module '@/components/admin/modals/user-profile-modal' or its corresponding type declarations.
src/app/admin-040806/dashboard/page.tsx(20,26): error TS2307: Cannot find module '@/components/ui/skeleton' or its corresponding type declarations.
src/app/admin-040806/layout.tsx(9,30): error TS2307: Cannot find module '@/components/admin/sidebar' or its corresponding type declarations.
src/app/admin-040806/layout.tsx(10,29): error TS2307: Cannot find module '@/components/admin/header' or its corresponding type declarations.
src/app/admin-040806/layout.tsx(11,38): error TS2307: Cannot find module '@/components/admin/mobile-bottom-nav' or its corresponding type declarations.
src/app/admin-040806/mailbox/new/page.tsx(13,44): error TS2307: Cannot find module '@/components/ui/radio-group' or its corresponding type declarations.
src/app/admin-040806/mailbox/new/page.tsx(14,42): error TS2307: Cannot find module '@/components/ui/multi-select' or its corresponding type declarations.
src/app/admin-040806/mailbox/new/page.tsx(20,39): error TS2307: Cannot find module '@/services/user' or its corresponding type declarations.
src/app/admin-040806/mailbox/new/page.tsx(23,57): error TS2307: Cannot find module '@/components/ui/popover' or its corresponding type declarations.
src/app/admin-040806/mailbox/new/page.tsx(24,47): error TS2307: Cannot find module '@/components/ui/calendar' or its corresponding type declarations.
src/app/admin-040806/mailbox/new/page.tsx(27,32): error TS2307: Cannot find module '@/components/admin/markdown-editor' or its corresponding type declarations.
src/app/admin-040806/mailbox/new/page.tsx(28,62): error TS2307: Cannot find module '@/components/ui/sheet' or its corresponding type declarations.
src/app/admin-040806/mailbox/new/page.tsx(326,76): error TS7006: Parameter 'date' implicitly has an 'any' type.
src/app/admin-040806/mailbox/page.tsx(7,58): error TS2307: Cannot find module '@/components/ui/tabs' or its corresponding type declarations.
src/app/admin-040806/mailbox/page.tsx(13,26): error TS2307: Cannot find module '@/components/admin/chat-view' or its corresponding type declarations.
src/app/admin-040806/mailbox/page.tsx(15,38): error TS2307: Cannot find module '@/components/admin/sent-notification-view' or its corresponding type declarations.
src/app/admin-040806/surveys/new/page.tsx(12,26): error TS2307: Cannot find module '@/components/ui/textarea' or its corresponding type declarations.
src/app/admin-040806/surveys/new/page.tsx(19,31): error TS2307: Cannot find module '@/services/survey' or its corresponding type declarations.
src/app/admin-040806/surveys/new/page.tsx(21,15): error TS2305: Module '"@/lib/types"' has no exported member 'Survey'.
src/app/admin-040806/surveys/new/page.tsx(21,23): error TS2305: Module '"@/lib/types"' has no exported member 'SurveyQuestion'.
src/app/admin-040806/surveys/new/page.tsx(26,35): error TS2307: Cannot find module '@/services/link-preview' or its corresponding type declarations.
src/app/admin-040806/surveys/page.tsx(7,79): error TS2307: Cannot find module '@/components/ui/table' or its corresponding type declarations.
src/app/admin-040806/surveys/page.tsx(9,23): error TS2307: Cannot find module '@/components/ui/badge' or its corresponding type declarations.
src/app/admin-040806/surveys/page.tsx(13,15): error TS2305: Module '"@/lib/types"' has no exported member 'Survey'.
src/app/admin-040806/track-activity/page.tsx(6,79): error TS2307: Cannot find module '@/components/ui/table' or its corresponding type declarations.
src/app/admin-040806/track-activity/page.tsx(11,57): error TS2307: Cannot find module '@/components/ui/popover' or its corresponding type declarations.
src/app/admin-040806/track-activity/page.tsx(12,26): error TS2307: Cannot find module '@/components/ui/calendar' or its corresponding type declarations.
src/app/admin-040806/track-activity/page.tsx(14,23): error TS2307: Cannot find module '@/components/ui/badge' or its corresponding type declarations.
src/app/admin-040806/track-activity/page.tsx(20,115): error TS2307: Cannot find module '@/components/ui/pagination' or its corresponding type declarations.
src/app/admin-040806/track-activity/page.tsx(21,34): error TS2307: Cannot find module '@/components/admin/modals/user-profile-modal' or its corresponding type declarations.
src/app/admin-040806/track-activity/page.tsx(23,39): error TS2307: Cannot find module '@/components/ui/scroll-area' or its corresponding type declarations.
src/app/admin-040806/track-activity/page.tsx(279,68): error TS7006: Parameter 'e' implicitly has an 'any' type.
src/app/admin-040806/track-activity/page.tsx(283,64): error TS7006: Parameter 'e' implicitly has an 'any' type.
src/app/admin-040806/track-activity/page.tsx(289,64): error TS7006: Parameter 'e' implicitly has an 'any' type.
src/app/admin-040806/users/[id]/page.tsx(10,28): error TS2305: Module '"@/lib/types"' has no exported member 'WalletData'.
src/app/admin-040806/users/[id]/page.tsx(15,26): error TS2307: Cannot find module '@/components/ui/textarea' or its corresponding type declarations.
src/app/admin-040806/users/[id]/page.tsx(18,113): error TS2307: Cannot find module '@/services/user' or its corresponding type declarations.
src/app/admin-040806/users/[id]/page.tsx(19,79): error TS2307: Cannot find module '@/components/ui/table' or its corresponding type declarations.
src/app/admin-040806/users/[id]/page.tsx(20,23): error TS2307: Cannot find module '@/components/ui/badge' or its corresponding type declarations.
src/app/admin-040806/users/[id]/page.tsx(228,22): error TS2339: Property 'status' does not exist on type 'User'.
src/app/admin-040806/users/[id]/page.tsx(284,36): error TS2339: Property 'customGender' does not exist on type 'User'.
src/app/admin-040806/users/[id]/page.tsx(286,37): error TS2339: Property 'customCountry' does not exist on type 'User'.
src/app/admin-040806/users/[id]/page.tsx(292,35): error TS2339: Property 'referrerUid' does not exist on type 'User'.
src/app/admin-040806/users/[id]/page.tsx(293,40): error TS2339: Property 'grandReferrerUid' does not exist on type 'User'.
src/app/admin-040806/users/[id]/page.tsx(294,30): error TS2339: Property 'status' does not exist on type 'User'.
src/app/admin-040806/users/[id]/page.tsx(295,28): error TS2339: Property 'role' does not exist on type 'User'.
src/app/admin-040806/users/[id]/page.tsx(296,35): error TS2339: Property 'blockReason' does not exist on type 'User'.
src/app/admin-040806/users/[id]/page.tsx(297,40): error TS2339: Property 'suspensionReason' does not exist on type 'User'.
src/app/admin-040806/users/[id]/page.tsx(298,42): error TS2339: Property 'suspensionLiftDate' does not exist on type 'User'.
src/app/admin-040806/users/[id]/page.tsx(412,50): error TS2322: Type 'string | null | undefined' is not assignable to type 'string | undefined'.
  Type 'null' is not assignable to type 'string | undefined'.
src/app/admin-040806/users/[id]/page.tsx(442,63): error TS2339: Property 'status' does not exist on type 'User'.
src/app/admin-040806/users/[id]/page.tsx(518,60): error TS7006: Parameter 'e' implicitly has an 'any' type.
src/app/admin-040806/users/page.tsx(8,79): error TS2307: Cannot find module '@/components/ui/table' or its corresponding type declarations.
src/app/admin-040806/users/page.tsx(11,23): error TS2307: Cannot find module '@/components/ui/badge' or its corresponding type declarations.
src/app/admin-040806/users/page.tsx(13,58): error TS2307: Cannot find module '@/components/ui/tabs' or its corresponding type declarations.
src/app/admin-040806/users/page.tsx(17,34): error TS2307: Cannot find module '@/components/admin/modals/user-profile-modal' or its corresponding type declarations.
src/app/admin-040806/users/page.tsx(20,30): error TS2307: Cannot find module '@/components/admin/modals/add-user-modal' or its corresponding type declarations.
src/app/admin-040806/users/page.tsx(27,53): error TS2339: Property 'status' does not exist on type 'User'.
src/app/admin-040806/users/page.tsx(101,25): error TS2339: Property 'status' does not exist on type 'UserWithWallet'.
src/app/admin-040806/users/page.tsx(169,74): error TS2322: Type 'string | null | undefined' is not assignable to type 'string | undefined'.
  Type 'null' is not assignable to type 'string | undefined'.
src/app/admin-040806/users/page.tsx(179,86): error TS2339: Property 'status' does not exist on type 'UserWithWallet'.
src/app/admin-040806/users/page.tsx(180,110): error TS2339: Property 'role' does not exist on type 'UserWithWallet'.
src/app/dashboard/layout.tsx(67,22): error TS2339: Property 'status' does not exist on type 'User'.
src/app/dashboard/layout.tsx(70,29): error TS2339: Property 'status' does not exist on type 'User'.
src/app/dashboard/layout.tsx(71,39): error TS2339: Property 'suspensionLiftDate' does not exist on type 'User'.
src/app/dashboard/layout.tsx(71,78): error TS2339: Property 'suspensionLiftDate' does not exist on type 'User'.
src/app/dashboard/page.tsx(9,67): error TS2307: Cannot find module '@/components/ui/chart' or its corresponding type declarations.
src/app/dashboard/page.tsx(16,26): error TS2307: Cannot find module '@/components/ui/skeleton' or its corresponding type declarations.
src/app/dashboard/page.tsx(17,29): error TS2307: Cannot find module '@/services/user' or its corresponding type declarations.
src/app/dashboard/referrals/page.tsx(7,71): error TS2307: Cannot find module '@/services/user' or its corresponding type declarations.
src/app/dashboard/referrals/page.tsx(14,26): error TS2307: Cannot find module '@/components/ui/progress' or its corresponding type declarations.
src/app/dashboard/referrals/page.tsx(17,26): error TS2307: Cannot find module '@/components/ui/skeleton' or its corresponding type declarations.
src/app/forgot-password/page.tsx(19,28): error TS2307: Cannot find module '@/components/auth-layout' or its corresponding type declarations.
src/app/forgot-password/page.tsx(21,60): error TS2307: Cannot find module '@/services/user' or its corresponding type declarations.
src/app/login/page.tsx(19,28): error TS2307: Cannot find module '@/components/auth-layout' or its corresponding type declarations.
src/app/login/page.tsx(22,28): error TS2307: Cannot find module '@/services/user' or its corresponding type declarations.
src/app/referrals/page.tsx(7,58): error TS2307: Cannot find module '@/services/user' or its corresponding type declarations.
src/app/referrals/page.tsx(14,26): error TS2307: Cannot find module '@/components/ui/progress' or its corresponding type declarations.
src/app/settings/page.tsx(9,58): error TS2307: Cannot find module '@/components/ui/tabs' or its corresponding type declarations.
src/app/settings/page.tsx(10,39): error TS2307: Cannot find module '@/components/ui/scroll-area' or its corresponding type declarations.
src/app/settings/page.tsx(18,37): error TS2307: Cannot find module '@/components/dashboard/change-password-modal' or its corresponding type declarations.
src/app/settings/page.tsx(22,29): error TS2307: Cannot find module '@/services/user' or its corresponding type declarations.
src/app/settings/page.tsx(28,11): error TS2339: Property 'notificationSettings' does not exist on type 'DashboardStateContextType'.
src/app/settings/page.tsx(28,33): error TS2339: Property 'setNotificationSetting' does not exist on type 'DashboardStateContextType'.
src/app/signup/page.tsx(28,28): error TS2307: Cannot find module '@/components/auth-layout' or its corresponding type declarations.
src/app/signup/page.tsx(29,27): error TS2307: Cannot find module '@/lib/countries' or its corresponding type declarations.
src/app/signup/page.tsx(33,53): error TS2307: Cannot find module '@/components/ui/alert' or its corresponding type declarations.
src/app/signup/page.tsx(35,84): error TS2307: Cannot find module '@/services/user' or its corresponding type declarations.
src/app/signup/page.tsx(75,66): error TS7006: Parameter 'c' implicitly has an 'any' type.
src/app/signup/page.tsx(193,48): error TS7006: Parameter 'c' implicitly has an 'any' type.
src/app/signup/page.tsx(374,56): error TS7006: Parameter 'c' implicitly has an 'any' type.
src/app/signup/page.tsx(497,32): error TS2322: Type '{ children: Element[]; showCloseButton: boolean; onPointerDownOutside: (e: PointerDownOutsideEvent) => false | void; onEscapeKeyDown: (e: KeyboardEvent) => false | void; }' is not assignable to type 'IntrinsicAttributes & Omit<DialogContentProps & RefAttributes<HTMLDivElement>, "ref"> & RefAttributes<...>'.
  Property 'showCloseButton' does not exist on type 'IntrinsicAttributes & Omit<DialogContentProps & RefAttributes<HTMLDivElement>, "ref"> & RefAttributes<...>'.
src/app/surveys/page.tsx(8,23): error TS2307: Cannot find module '@/components/ui/badge' or its corresponding type declarations.
src/app/surveys/page.tsx(9,79): error TS2307: Cannot find module '@/components/ui/table' or its corresponding type declarations.
src/app/surveys/page.tsx(10,26): error TS2307: Cannot find module '@/components/ui/progress' or its corresponding type declarations.
src/app/surveys/page.tsx(13,67): error TS2307: Cannot find module '@/components/ui/chart' or its corresponding type declarations.
src/app/surveys/page.tsx(20,10): error TS2305: Module '"@/lib/types"' has no exported member 'SurveyHistoryItem'.
src/app/surveys/page.tsx(20,29): error TS2305: Module '"@/lib/types"' has no exported member 'Survey'.
src/app/surveys/page.tsx(39,26): error TS2307: Cannot find module '@/components/ui/skeleton' or its corresponding type declarations.
src/app/surveys/page.tsx(40,29): error TS2307: Cannot find module '@/services/user' or its corresponding type declarations.
src/app/wallet/page.tsx(11,26): error TS2307: Cannot find module '@/components/ui/progress' or its corresponding type declarations.
src/app/wallet/page.tsx(12,26): error TS2307: Cannot find module '@/components/ui/skeleton' or its corresponding type declarations.
src/app/wallet/page.tsx(15,29): error TS2307: Cannot find module '@/services/user' or its corresponding type declarations.
src/components/admin/modals/block-user-modal.tsx(8,26): error TS2307: Cannot find module '@/components/ui/textarea' or its corresponding type declarations.
src/components/admin/modals/block-user-modal.tsx(11,53): error TS2307: Cannot find module '@/components/ui/alert' or its corresponding type declarations.
src/components/admin/modals/block-user-modal.tsx(15,40): error TS2307: Cannot find module '@/services/user' or its corresponding type declarations.
src/components/admin/modals/block-user-modal.tsx(88,40): error TS7006: Parameter 'e' implicitly has an 'any' type.
src/components/admin/modals/freeze-wallet-modal.tsx(8,26): error TS2307: Cannot find module '@/components/ui/textarea' or its corresponding type declarations.
src/components/admin/modals/freeze-wallet-modal.tsx(11,53): error TS2307: Cannot find module '@/components/ui/alert' or its corresponding type declarations.
src/components/admin/modals/freeze-wallet-modal.tsx(12,16): error TS2305: Module '"@/lib/types"' has no exported member 'WalletData'.
src/components/admin/modals/freeze-wallet-modal.tsx(15,40): error TS2307: Cannot find module '@/services/user' or its corresponding type declarations.
src/components/admin/modals/freeze-wallet-modal.tsx(87,40): error TS7006: Parameter 'e' implicitly has an 'any' type.
src/components/admin/modals/suspend-account-modal.tsx(9,26): error TS2307: Cannot find module '@/components/ui/textarea' or its corresponding type declarations.
src/components/admin/modals/suspend-account-modal.tsx(12,53): error TS2307: Cannot find module '@/components/ui/alert' or its corresponding type declarations.
src/components/admin/modals/suspend-account-modal.tsx(16,40): error TS2307: Cannot find module '@/services/user' or its corresponding type declarations.
src/components/admin/modals/suspend-account-modal.tsx(102,40): error TS7006: Parameter 'e' implicitly has an 'any' type.
src/components/admin/modals/unblock-user-modal.tsx(8,26): error TS2307: Cannot find module '@/components/ui/textarea' or its corresponding type declarations.
src/components/admin/modals/unblock-user-modal.tsx(11,53): error TS2307: Cannot find module '@/components/ui/alert' or its corresponding type declarations.
src/components/admin/modals/unblock-user-modal.tsx(15,40): error TS2307: Cannot find module '@/services/user' or its corresponding type declarations.
src/components/admin/modals/unblock-user-modal.tsx(86,40): error TS7006: Parameter 'e' implicitly has an 'any' type.
src/components/admin/modals/unsuspend-user-modal.tsx(8,26): error TS2307: Cannot find module '@/components/ui/textarea' or its corresponding type declarations.
src/components/admin/modals/unsuspend-user-modal.tsx(11,53): error TS2307: Cannot find module '@/components/ui/alert' or its corresponding type declarations.
src/components/admin/modals/unsuspend-user-modal.tsx(15,40): error TS2307: Cannot find module '@/services/user' or its corresponding type declarations.
src/components/admin/modals/unsuspend-user-modal.tsx(87,40): error TS7006: Parameter 'e' implicitly has an 'any' type.
src/components/dashboard/ai-chat-panel.tsx(11,8): error TS2307: Cannot find module '@/components/ui/sheet' or its corresponding type declarations.
src/components/dashboard/ai-chat-panel.tsx(16,10): error TS2307: Cannot find module '@/components/ui/popover' or its corresponding type declarations.
src/components/dashboard/ai-chat-panel.tsx(23,28): error TS2307: Cannot find module '../ui/scroll-area' or its corresponding type declarations.
src/components/dashboard/ai-chat-panel.tsx(30,26): error TS2307: Cannot find module '../ui/textarea' or its corresponding type declarations.
src/components/dashboard/ai-chat-panel.tsx(49,29): error TS2307: Cannot find module '@/services/user' or its corresponding type declarations.
src/components/dashboard/ai-chat-panel.tsx(363,11): error TS2339: Property 'openSheets' does not exist on type 'DashboardStateContextType'.
src/components/dashboard/ai-chat-panel.tsx(363,23): error TS2339: Property 'setSheetOpen' does not exist on type 'DashboardStateContextType'.
src/components/dashboard/ai-chat-panel.tsx(374,52): error TS7006: Parameter 'isOpen' implicitly has an 'any' type.
src/components/dashboard/header.tsx(28,11): error TS2339: Property 'onSidebarToggle' does not exist on type 'DashboardStateContextType'.
src/components/dashboard/header.tsx(28,28): error TS2339: Property 'setSheetOpen' does not exist on type 'DashboardStateContextType'.
src/components/dashboard/header.tsx(28,42): error TS2339: Property 'notificationSettings' does not exist on type 'DashboardStateContextType'.
src/components/dashboard/header.tsx(28,64): error TS2339: Property 'unreadCount' does not exist on type 'DashboardStateContextType'.
src/components/dashboard/sidebar.tsx(26,37): error TS2307: Cannot find module './notification-popover' or its corresponding type declarations.
src/components/dashboard/sidebar.tsx(46,11): error TS2339: Property 'isSidebarOpen' does not exist on type 'DashboardStateContextType'.
src/components/dashboard/sidebar.tsx(46,26): error TS2339: Property 'notificationSettings' does not exist on type 'DashboardStateContextType'.
src/components/dashboard/sidebar.tsx(46,48): error TS2339: Property 'unreadCount' does not exist on type 'DashboardStateContextType'.
src/components/dashboard/survey-view.tsx(5,10): error TS2305: Module '"@/lib/types"' has no exported member 'Survey'.
src/components/dashboard/survey-view.tsx(5,18): error TS2305: Module '"@/lib/types"' has no exported member 'SurveyQuestion'.
src/components/dashboard/survey-view.tsx(8,26): error TS2307: Cannot find module '../ui/progress' or its corresponding type declarations.
src/components/dashboard/survey-view.tsx(9,53): error TS2307: Cannot find module '../ui/alert' or its corresponding type declarations.
src/components/dashboard/survey-view.tsx(14,44): error TS2307: Cannot find module '../ui/radio-group' or its corresponding type declarations.
src/components/dashboard/survey-view.tsx(20,35): error TS2307: Cannot find module '@/services/link-preview' or its corresponding type declarations.
src/components/dashboard/survey-view.tsx(21,26): error TS2307: Cannot find module '../ui/textarea' or its corresponding type declarations.
src/components/dashboard/survey-view.tsx(22,57): error TS2307: Cannot find module '../ui/popover' or its corresponding type declarations.
src/components/dashboard/survey-view.tsx(25,26): error TS2307: Cannot find module '../ui/calendar' or its corresponding type declarations.
src/components/dashboard/survey-view.tsx(112,55): error TS7006: Parameter 'q' implicitly has an 'any' type.
src/components/dashboard/survey-view.tsx(112,58): error TS7006: Parameter 'i' implicitly has an 'any' type.
src/components/dashboard/survey-view.tsx(211,66): error TS7006: Parameter 'opt' implicitly has an 'any' type.
src/components/dashboard/survey-view.tsx(221,37): error TS2345: Argument of type '{}' is not assignable to parameter of type 'SetStateAction<number>'.
src/components/dashboard/survey-view.tsx(242,49): error TS7006: Parameter 'val' implicitly has an 'any' type.
src/components/dashboard/survey-view.tsx(243,49): error TS7006: Parameter 'opt' implicitly has an 'any' type.
src/components/dashboard/survey-view.tsx(243,54): error TS7006: Parameter 'i' implicitly has an 'any' type.
src/components/dashboard/survey-view.tsx(264,48): error TS7006: Parameter 'img' implicitly has an 'any' type.
src/components/dashboard/survey-view.tsx(264,53): error TS7006: Parameter 'i' implicitly has an 'any' type.
src/components/dashboard/survey-view.tsx(285,36): error TS7006: Parameter 'e' implicitly has an 'any' type.
src/components/dashboard/survey-view.tsx(310,44): error TS7006: Parameter 'date' implicitly has an 'any' type.
src/components/dashboard/survey-view.tsx(339,59): error TS7006: Parameter 'req' implicitly has an 'any' type.
src/components/dashboard/survey-view.tsx(339,64): error TS7006: Parameter 'i' implicitly has an 'any' type.
